exports[`test FeaturedList renders correctly 1`] = `
<ul
  className="o-feat-list">
  <li
    className="o-feat-list__item o-card">
    <div
      className="o-card__body">
      <Link
        onlyActiveOnIndex={false}
        style={Object {}}
        to="/noticias">
        <h3
          className="c-heading c-heading--small" />
      </Link>
      <p
        className="summary"
        dangerouslySetInnerHTML={
          Object {
            "__html": "dummy content",
          }
        } />
    </div>
  </li>
  <li
    className="o-feat-list__item o-card">
    <div
      className="o-card__body">
      <Link
        onlyActiveOnIndex={false}
        style={Object {}}
        to="/noticias">
        <h3
          className="c-heading c-heading--small" />
      </Link>
      <p
        className="summary"
        dangerouslySetInnerHTML={
          Object {
            "__html": "dummy content",
          }
        } />
    </div>
  </li>
  <li
    className="o-feat-list__item o-card">
    <div
      className="o-card__body">
      <Link
        onlyActiveOnIndex={false}
        style={Object {}}
        to="/noticias">
        <h3
          className="c-heading c-heading--small" />
      </Link>
      <p
        className="summary"
        dangerouslySetInnerHTML={
          Object {
            "__html": "dummy content",
          }
        } />
    </div>
  </li>
</ul>
`;
